---
source: src/collect_meta.rs
description: "const fullNamespace = require('unknown-package');\nconsole.log(fullNamespace.foo.bar);\n"
input_file: tests/fixture/meta/require_wildcard_clear_usage_of_the_imported_namespace/esbuildCommonJS-0_8_17.input.js
---
Meta {
    cjs: true,
    es_module: false,
    imports: [
        Named {
            source: "unknown-package",
            imported: "foo",
            local: MemberExpression(
                "fullNamespace",
                "foo",
            ),
        },
    ],
    exports: [],
}
