---
source: src/collect_imports_and_exports.rs
assertion_line: 1068
description: "'use strict';\nvar fullNamespace = require('unknown-package');\nconsole.log(fullNamespace.foo.bar);\n"
input_file: tests/fixture/meta/require_wildcard_clear_usage_of_the_imported_namespace/swcCommonJSES5-1_2_43.input.js
---
Meta {
    imports: [
        Named {
            source: "unknown-package",
            imported: "foo",
            local: MemberExpression(
                "fullNamespace",
                "foo",
            ),
        },
    ],
    exports: [],
}
