---
source: src/collect_imports_and_exports.rs
description: "'use strict';\n\nvar value = 'value';\nconsole.log(value);\n"
input_file: tests/fixture/meta/import_types/babelCommonJSWithLastCoreAndTSC-7_0_0.input.js
---
Meta {
    imports: [],
    exports: [],
}
