---
source: src/collect_meta.rs
description: "'use strict';\nObject.defineProperty(exports, '__esModule', {\n  value: true,\n});\nvar value = 'value';\nconsole.log(value);\n"
input_file: tests/fixture/meta/import_types/swcCommonJSES5-1_2_58.input.js
---
Meta {
    cjs: true,
    es_module: true,
    imports: [],
    exports: [],
}
