---
source: src/collect_meta.rs
description: "import * as ns from 'unknown-package';\nvar getNamed = function (n) {\n  return n.name;\n};\nvar named = getNamed(ns);\nconsole.log(named);\n"
input_file: tests/fixture/meta/import_wildcard_unevaluable_usage/typescriptES2022-4_5_2.input.js
---
Meta {
    cjs: false,
    es_module: true,
    imports: [
        Namespace {
            source: "unknown-package",
            local: "ns",
        },
    ],
    exports: [],
}
