---
source: src/collect_meta.rs
description: "var a = 1;\nexport { a as named };\n"
input_file: tests/fixture/meta/export_named/typescriptES2022-4_5_2.input.js
---
Meta {
    cjs: false,
    es_module: true,
    imports: [],
    exports: [
        Named {
            local: Identifier(
                "a",
            ),
            exported: "named",
        },
    ],
}
