---
source: src/collect_imports_and_exports.rs
assertion_line: 1068
description: "var a = 1;\nexport { a as named };\n"
input_file: tests/fixture/meta/export_named/typescriptES2022-4_5_2.input.js
---
Meta {
    imports: [],
    exports: [
        Named {
            local: Identifier(
                "a",
            ),
            exported: "named",
        },
    ],
}
