---
source: src/collect_imports_and_exports.rs
description: "var __defProp = Object.defineProperty;\nvar __getOwnPropDesc = Object.getOwnPropertyDescriptor;\nvar __getOwnPropNames = Object.getOwnPropertyNames;\nvar __getOwnPropSymbols = Object.getOwnPropertySymbols;\nvar __hasOwnProp = Object.prototype.hasOwnProperty;\nvar __propIsEnum = Object.prototype.propertyIsEnumerable;\nvar __markAsModule = (target) =>\n  __defProp(target, '__esModule', { value: true });\nvar __objRest = (source, exclude) => {\n  var target = {};\n  for (var prop in source)\n    if (__hasOwnProp.call(source, prop) && exclude.indexOf(prop) < 0)\n      target[prop] = source[prop];\n  if (source != null && __getOwnPropSymbols)\n    for (var prop of __getOwnPropSymbols(source)) {\n      if (exclude.indexOf(prop) < 0 && __propIsEnum.call(source, prop))\n        target[prop] = source[prop];\n    }\n  return target;\n};\nvar __export = (target, all) => {\n  for (var name in all)\n    __defProp(target, name, { get: all[name], enumerable: true });\n};\nvar __reExport = (target, module2, copyDefault, desc) => {\n  if (\n    (module2 && typeof module2 === 'object') ||\n    typeof module2 === 'function'\n  ) {\n    for (let key of __getOwnPropNames(module2))\n      if (!__hasOwnProp.call(target, key) && (copyDefault || key !== 'default'))\n        __defProp(target, key, {\n          get: () => module2[key],\n          enumerable:\n            !(desc = __getOwnPropDesc(module2, key)) || desc.enumerable,\n        });\n  }\n  return target;\n};\nvar __toCommonJS = /* @__PURE__ */ ((cache) => {\n  return (module2, temp) => {\n    return (\n      (cache && cache.get(module2)) ||\n      ((temp = __reExport(__markAsModule({}), module2, 1)),\n      cache && cache.set(module2, temp),\n      temp)\n    );\n  };\n})(typeof WeakMap !== 'undefined' ? /* @__PURE__ */ new WeakMap() : 0);\nvar source_exports = {};\n__export(source_exports, {\n  _a: () => _a,\n  a: () => a,\n  rest: () => rest,\n});\nconst obj = { a: 1, b: 2 };\nconst _a = obj,\n  { a } = _a,\n  rest = __objRest(_a, ['a']);\nmodule.exports = __toCommonJS(source_exports);\n"
input_file: tests/fixture/meta/export_with_destruction_and_rest_operator/esbuildCommonJS-0_14_5.input.js
---
Meta {
    imports: [],
    exports: [
        Named {
            local: BooleanLiteral(
                true,
            ),
            exported: "__esModule",
        },
        Named {
            local: Identifier(
                "_a",
            ),
            exported: "_a",
        },
        Named {
            local: Identifier(
                "a",
            ),
            exported: "a",
        },
        Named {
            local: Identifier(
                "rest",
            ),
            exported: "rest",
        },
    ],
}
