---
source: src/collect_imports_and_exports.rs
description: "'use strict';\n\nvar _require = require('unknown-package'),\n  token = _require.very.deep.token;\nconsole.log(namedDefault);\n"
input_file: tests/fixture/meta/require_deep/babelCommonJSWithLastCoreAndTSC-7_0_0.input.js
---
Meta {
    imports: [
        Named {
            source: "unknown-package",
            imported: "very",
            local: MemberExpression(
                "_require",
                "very",
            ),
        },
    ],
    exports: [],
}
