---
source: src/collect_imports_and_exports.rs
assertion_line: 1068
description: "'use strict';\nvar ref = require('unknown-package'),\n  _very = ref.very,\n  _deep = _very.deep,\n  token = _deep.token;\nconsole.log(namedDefault);\n"
input_file: tests/fixture/meta/require_deep/swcCommonJSES5-1_2_43.input.js
---
Meta {
    imports: [
        Named {
            source: "unknown-package",
            imported: "very",
            local: MemberExpression(
                "ref",
                "very",
            ),
        },
    ],
    exports: [],
}
