---
source: src/collect_meta.rs
description: "'use strict';\n\nvar _require = require('unknown-package'),\n  token = _require.very.deep.token;\n\nconsole.log(namedDefault);\n"
input_file: tests/fixture/meta/require_deep/babelCommonJSWithOldCoreAndTSC-7_0_0.input.js
---
Meta {
    cjs: true,
    es_module: false,
    imports: [
        Named {
            source: "unknown-package",
            imported: "very",
            local: MemberExpression(
                "_require",
                "very",
            ),
        },
    ],
    exports: [],
}
