---
source: src/collect_meta.rs
description: "'use strict';\n\nvar _require = require('unknown-package'),\n  _require$very$deep = _require.very.deep,\n  oneToken = _require$very$deep.oneToken,\n  anotherToken = _require$very$deep.anotherToken;\nconsole.log(oneToken, anotherToken);\n"
input_file: tests/fixture/meta/require_two_tokens/babelCommonJSWithLastCoreAndTSC-7_0_0.input.js
---
Meta {
    cjs: true,
    es_module: false,
    imports: [
        Named {
            source: "unknown-package",
            imported: "very",
            local: MemberExpression(
                "_require",
                "very",
            ),
        },
    ],
    exports: [],
}
