---
source: src/collect_imports_and_exports.rs
description: "const {\n  very: {\n    deep: { oneToken, anotherToken },\n  },\n} = require('unknown-package');\nconsole.log(oneToken, anotherToken);\n"
input_file: tests/fixture/meta/require_two_tokens/esbuildCommonJS-0_8_17.input.js
---
Meta {
    imports: [
        Named {
            source: "unknown-package",
            imported: "very",
            local: Identifier(
                "oneToken",
            ),
        },
        Named {
            source: "unknown-package",
            imported: "very",
            local: Identifier(
                "anotherToken",
            ),
        },
    ],
    exports: [],
}
