---
source: src/collect_meta.rs
description: "'use strict';\n\nvar unknownDefault = require('unknown-package');\n\nconsole.log(unknownDefault.default);\n"
input_file: tests/fixture/meta/require_default/babelCommonJSWithOldCoreAndTSC-7_0_0.input.js
---
Meta {
    cjs: true,
    es_module: false,
    imports: [
        Default {
            source: "unknown-package",
            local: MemberExpression(
                "unknownDefault",
                "default",
            ),
        },
    ],
    exports: [],
}
