---
source: src/collect_meta.rs
description: "const unknownDefault = require('unknown-package');\nconsole.log(unknownDefault.default);\n"
input_file: tests/fixture/meta/require_default/esbuildCommonJS-0_8_17.input.js
---
Meta {
    cjs: true,
    es_module: false,
    imports: [
        Default {
            source: "unknown-package",
            local: MemberExpression(
                "unknownDefault",
                "default",
            ),
        },
    ],
    exports: [],
}
