---
source: src/collect_imports_and_exports.rs
assertion_line: 1106
description: "'use strict';\nexports.__esModule = true;\nrequire('unknown-package');\n"
input_file: tests/fixture/meta/import_side-effects/typescriptCommonJS-2_2_1.input.js
---
Meta {
    imports: [
        SideEffect {
            source: "unknown-package",
        },
    ],
    exports: [
        Named {
            local: BooleanLiteral(
                true,
            ),
            exported: "__esModule",
        },
    ],
}
