---
source: src/collect_imports_and_exports.rs
assertion_line: 1106
description: "var Foo = /** @class */ (function () {\n  function Foo() {}\n  return Foo;\n})();\nexport { Foo };\n"
input_file: tests/fixture/meta/export_class/typescriptES2022-4_5_2.input.js
---
Meta {
    imports: [],
    exports: [
        Named {
            local: Identifier(
                "Foo",
            ),
            exported: "Foo",
        },
    ],
}
