---
source: src/collect_imports_and_exports.rs
assertion_line: 1310
description: "'use strict';\n\nObject.defineProperty(exports, 'a', {\n  get: function get() {\n    return 1;\n  },\n});\n"
input_file: tests/fixture/meta/export_with_defineProperty_with_getter/babelCommonJSWithLastCoreAndTSC-7_0_0.input.js
---
Meta {
    imports: [],
    exports: [
        Named {
            local: NumericLiteral(
                1.0,
            ),
            exported: "a",
        },
    ],
}
