---
source: src/collect_meta.rs
description: "'use strict';\nvar _require = require('unknown-package'),\n  renamed = _require.named;\nconsole.log(renamed);\n"
input_file: tests/fixture/meta/require_renamed/swcCommonJSES5-1_3_15.input.js
---
Meta {
    cjs: true,
    es_module: false,
    imports: [
        Named {
            source: "unknown-package",
            imported: "named",
            local: MemberExpression(
                "_require",
                "named",
            ),
        },
    ],
    exports: [],
}
