---
source: src/collect_meta.rs
description: "'use strict';\nconst { named: renamed } = require('unknown-package');\nconsole.log(renamed);\n"
input_file: tests/fixture/meta/require_renamed/swcCommonJSES2015-1_2_130.input.js
---
Meta {
    cjs: true,
    es_module: false,
    imports: [
        Named {
            source: "unknown-package",
            imported: "named",
            local: Identifier(
                "renamed",
            ),
        },
    ],
    exports: [],
}
