---
source: src/collect_imports_and_exports.rs
assertion_line: 1068
description: "import * as ns from 'unknown-package';\nvar key = Math.random() > 0.5 ? 'a' : 'b';\nconsole.log(ns[key]);\n"
input_file: tests/fixture/meta/import_wildcard_dynamic_usage_of_the_imported_namespace/typescriptES2022-4_5_2.input.js
---
Meta {
    imports: [
        Namespace {
            source: "unknown-package",
            local: "ns",
        },
    ],
    exports: [],
}
