---
source: src/collect_meta.rs
description: "'use strict';\n\nObject.defineProperty(exports, '__esModule', {\n  value: true,\n});\nexports.b = exports.a = void 0;\nvar obj = {\n  a: 1,\n  b: 2,\n};\nvar a = (exports.a = obj.a),\n  b = (exports.b = obj.b);\n"
input_file: tests/fixture/meta/export_with_destruction/babelCommonJSWithLastCoreAndTSC-7_23_2.input.js
---
Meta {
    cjs: true,
    es_module: true,
    imports: [],
    exports: [
        Named {
            local: Span(
                Span {
                    start: 165,
                    end: 170,
                },
            ),
            exported: "a",
        },
        Named {
            local: Span(
                Span {
                    start: 192,
                    end: 197,
                },
            ),
            exported: "b",
        },
    ],
}
