---
source: src/collect_imports_and_exports.rs
assertion_line: 1068
description: "var obj = { a: 1, b: 2 };\nexport var a = obj.a,\n  b = obj.b;\n"
input_file: tests/fixture/meta/export_with_destruction/typescriptES2022-4_5_2.input.js
---
Meta {
    imports: [],
    exports: [
        Named {
            local: Identifier(
                "a",
            ),
            exported: "a",
        },
        Named {
            local: Identifier(
                "b",
            ),
            exported: "b",
        },
    ],
}
