---
source: src/collect_imports_and_exports.rs
assertion_line: 1448
description: "'use strict';\nObject.defineProperty(exports, '__esModule', {\n  value: true,\n});\nObject.defineProperty(exports, 'token', {\n  get: () => _unknownPackage.token,\n  enumerable: true,\n});\nconst _unknownPackage = require('unknown-package');\n"
input_file: tests/fixture/meta/re-export_named/swcCommonJSES2015-1_2_206.input.js
---
Meta {
    imports: [],
    exports: [
        Named {
            local: BooleanLiteral(
                true,
            ),
            exported: "__esModule",
        },
        Reexport {
            orig: "token",
            exported: "token",
            source: "unknown-package",
        },
    ],
}
