---
source: src/collect_meta.rs
description: "'use strict';\nObject.defineProperty(exports, '__esModule', {\n  value: true,\n});\nObject.defineProperty(exports, 'token', {\n  get: () => _unknownPackage.token,\n  enumerable: true,\n});\nconst _unknownPackage = require('unknown-package');\n"
input_file: tests/fixture/meta/re-export_named/swcCommonJSES2015-1_2_206.input.js
---
Meta {
    cjs: true,
    es_module: true,
    imports: [],
    exports: [
        Reexport {
            orig: "token",
            exported: "token",
            source: "unknown-package",
        },
    ],
}
