---
source: src/collect_imports_and_exports.rs
description: "const namedDefault = require('unknown-package').named;\n\nconsole.log(namedDefault);\n"
input_file: tests/fixture/meta/require_named/asIs.input.js
---
Meta {
    imports: [
        Named {
            source: "unknown-package",
            imported: "named",
            local: Identifier(
                "namedDefault",
            ),
        },
    ],
    exports: [],
}
