---
source: src/collect_meta.rs
description: "'use strict';\n\nObject.defineProperty(exports, '__esModule', {\n  value: true,\n});\nvar _exportNames = {\n  syncResolve: true,\n  isUnnecessaryReactCall: true,\n};\nexports.default = void 0;\nObject.defineProperty(exports, 'isUnnecessaryReactCall', {\n  enumerable: true,\n  get: function get() {\n    return _isUnnecessaryReactCall.default;\n  },\n});\nObject.defineProperty(exports, 'syncResolve', {\n  enumerable: true,\n  get: function get() {\n    return _asyncResolveFallback.syncResolve;\n  },\n});\nvar _asyncResolveFallback = require('./asyncResolveFallback');\nvar _collectExportsAndImports = require('./collectExportsAndImports');\nObject.keys(_collectExportsAndImports).forEach(function (key) {\n  if (key === 'default' || key === '__esModule') return;\n  if (Object.prototype.hasOwnProperty.call(_exportNames, key)) return;\n  if (key in exports && exports[key] === _collectExportsAndImports[key]) return;\n  Object.defineProperty(exports, key, {\n    enumerable: true,\n    get: function get() {\n      return _collectExportsAndImports[key];\n    },\n  });\n});\nvar _isUnnecessaryReactCall = _interopRequireDefault(\n  require('./isUnnecessaryReactCall')\n);\nfunction _interopRequireDefault(obj) {\n  return obj && obj.__esModule ? obj : { default: obj };\n}\nvar _default = (exports.default = 123);\n"
input_file: tests/fixture/meta/re-export_mixed_exports/babelCommonJSWithLastCoreAndTSC-7_23_2.input.js
---
Meta {
    cjs: true,
    es_module: true,
    imports: [],
    exports: [
        Default,
        Reexport {
            orig: "syncResolve",
            exported: "syncResolve",
            source: "./asyncResolveFallback",
        },
        Reexport {
            orig: "default",
            exported: "isUnnecessaryReactCall",
            source: "./isUnnecessaryReactCall",
        },
        ReexportAll {
            source: "./collectExportsAndImports",
        },
    ],
}
