---
source: src/collect_imports_and_exports.rs
description: "export default 'value';\n"
input_file: tests/fixture/meta/export_default/asIs.input.js
---
Meta {
    imports: [],
    exports: [
        Default,
    ],
}
