---
source: src/collect_imports_and_exports.rs
assertion_line: 1106
description: "'use strict';\nObject.defineProperty(exports, '__esModule', {\n  value: true,\n});\nexports.b = exports.a = void 0;\nvar a = 1,\n  b = 2;\nexports.a = a;\nexports.b = b;\n"
input_file: tests/fixture/meta/export_with_declaration/swcCommonJSES5-1_2_43.input.js
---
Meta {
    imports: [],
    exports: [
        Named {
            local: BooleanLiteral(
                true,
            ),
            exported: "__esModule",
        },
        Named {
            local: Identifier(
                "a",
            ),
            exported: "a",
        },
        Named {
            local: Identifier(
                "b",
            ),
            exported: "b",
        },
    ],
}
