---
source: src/collect_imports_and_exports.rs
assertion_line: 1106
description: "'use strict';\nObject.defineProperty(exports, '__esModule', { value: true });\n(exports.a = 1), (exports.b = 2);\n"
input_file: tests/fixture/meta/export_with_declaration/typescriptCommonJS-3_6_2.input.js
---
Meta {
    imports: [],
    exports: [
        Named {
            local: BooleanLiteral(
                true,
            ),
            exported: "__esModule",
        },
        Named {
            local: NumericLiteral(
                1.0,
            ),
            exported: "a",
        },
        Named {
            local: NumericLiteral(
                2.0,
            ),
            exported: "b",
        },
    ],
}
