---
source: src/collect_meta.rs
description: "'use strict';\nfunction __export(m) {\n  for (var p in m) if (!exports.hasOwnProperty(p)) exports[p] = m[p];\n}\n__export(require('unknown-package-1'));\n__export(require('unknown-package-2'));\n"
input_file: tests/fixture/meta/re-export_multiple_export_all/typescriptCommonJS-2_2_0.input.js
---
Meta {
    cjs: true,
    es_module: false,
    imports: [],
    exports: [
        ReexportAll {
            source: "unknown-package-1",
        },
        ReexportAll {
            source: "unknown-package-2",
        },
    ],
}
