---
source: src/collect_meta.rs
description: "var __defProp = Object.defineProperty;\nvar __getOwnPropDesc = Object.getOwnPropertyDescriptor;\nvar __getOwnPropNames = Object.getOwnPropertyNames;\nvar __hasOwnProp = Object.prototype.hasOwnProperty;\nvar __copyProps = (to, from, except, desc) => {\n  if ((from && typeof from === 'object') || typeof from === 'function') {\n    for (let key of __getOwnPropNames(from))\n      if (!__hasOwnProp.call(to, key) && key !== except)\n        __defProp(to, key, {\n          get: () => from[key],\n          enumerable: !(desc = __getOwnPropDesc(from, key)) || desc.enumerable,\n        });\n  }\n  return to;\n};\nvar __reExport = (target, mod, secondTarget) => (\n  __copyProps(target, mod, 'default'),\n  secondTarget && __copyProps(secondTarget, mod, 'default')\n);\nvar __toCommonJS = (mod) =>\n  __copyProps(__defProp({}, '__esModule', { value: true }), mod);\nvar source_exports = {};\nmodule.exports = __toCommonJS(source_exports);\n__reExport(source_exports, require('unknown-package-1'), module.exports);\n__reExport(source_exports, require('unknown-package-2'), module.exports);\n"
input_file: tests/fixture/meta/re-export_multiple_export_all/esbuildCommonJS-0_14_27.input.js
---
Meta {
    cjs: true,
    es_module: true,
    imports: [],
    exports: [
        ReexportAll {
            source: "unknown-package-1",
        },
        ReexportAll {
            source: "unknown-package-2",
        },
    ],
}
