---
source: src/collect_meta.rs
description: "'use strict';\nvar _unknownPackage = _interopRequireDefault(require('unknown-package'));\nfunction _interopRequireDefault(obj) {\n  return obj && obj.__esModule\n    ? obj\n    : {\n        default: obj,\n      };\n}\nconsole.log(_unknownPackage.default);\n"
input_file: tests/fixture/meta/import_default/swcCommonJSES5-1_2_43.input.js
---
Meta {
    cjs: true,
    es_module: false,
    imports: [
        Default {
            source: "unknown-package",
            local: MemberExpression(
                "_unknownPackage",
                "default",
            ),
        },
    ],
    exports: [],
}
