---
source: src/collect_imports_and_exports.rs
description: "export { token as renamed } from 'unknown-package';\n"
input_file: tests/fixture/meta/re-export_renamed/asIs.input.js
---
Meta {
    imports: [],
    exports: [
        Reexport {
            orig: "token",
            exported: "renamed",
            source: "unknown-package",
        },
    ],
}
